// Jest Snapshot v1, https://goo.gl/fbAQLP

exports[`Alerts GET /alerts display alerts for logged in user 1`] = `"<!DOCTYPE html><html lang="en-US"><head><style data-next-hide-fouc="true">body{display:none}</style><noscript data-next-hide-fouc="true"><style>body{display:block}</style></noscript><meta charSet="utf-8"/><meta name="viewport" content="minimum-scale=1, initial-scale=1, width=device-width, shrink-to-fit=no"/><link rel="icon" href="/favicon.ico"/><title>Akash Console</title><meta name="description" content="Akash Console is the #1 platform to deploy docker containers on the Akash Network, a decentralized super cloud compute marketplace. Explore, deploy and track all in one place!"/><meta name="twitter:card" content="summary_large_image"/><meta name="twitter:site" content="@akashnet_"/><meta name="twitter:creator" content="@akashnet_"/><meta property="og:title" content="Akash Console"/><meta property="og:description" content="Deploy docker containers on the decentralized supercloud Akash Network."/><meta property="og:url" content="https://console.akash.network/"/><meta property="og:type" content="website"/><meta property="og:image" content="https://console.akash.network/akash-console.png"/><meta property="og:image:alt" content="AkashConsole Cover Image"/><meta property="og:image:width" content="1200"/><meta property="og:image:height" content="630"/><meta property="og:locale" content="en_US"/><meta property="og:site_name" content="Akash Console"/><meta name="robots" content="index,follow"/><meta name="next-head-count" content="19"/><meta name="emotion-insertion-point" content=""/><style data-emotion="mui "></style><link rel="shortcut icon" href="/favicon.ico"/><link rel="manifest" href="/manifest.json" crossorigin="use-credentials"/><link rel="mask-icon" href="/safari-pinned-tab.svg" color="#0c0b0b"/><meta name="msapplication-TileColor" content="#0c0b0b"/><link rel="apple-touch-icon" href="/apple-touch-icon.png"/><meta name="theme-color" content="#0c0b0b"/><link rel="icon" type="image/png" sizes="32x32" href="/favicon-32x32.png"/><link rel="icon" type="image/png" sizes="16x16" href="/favicon-16x16.png"/><link href="https://fonts.googleapis.com/css2?family=Inter:wght@100;300;500;700;900&amp;display=swap" rel="stylesheet"/><link rel="preload" href="/_next/static/media/e11418ac562b8ac1-s.p.woff2" as="font" type="font/woff2" crossorigin="anonymous" data-next-font="size-adjust"/><noscript data-n-css=""></noscript><script defer="" nomodule="" src="/_next/static/chunks/polyfills.js"></script><script src="/_next/static/chunks/webpack.js" defer=""></script><script src="/_next/static/chunks/main.js" defer=""></script><script src="/_next/static/chunks/pages/_app.js" defer=""></script><script src="/_next/static/chunks/pages/alerts.js" defer=""></script><script src="/_next/static/development/_buildManifest.js" defer=""></script><script src="/_next/static/development/_ssgManifest.js" defer=""></script><noscript id="__next_css__DO_NOT_USE__"></noscript></head><body><div id="__next"><main class="h-full bg-background font-sans tracking-wide antialiased __variable_3a0388"><script>!function(){try{var d=document.documentElement,c=d.classList;c.remove('light','dark');var e=localStorage.getItem('theme');if('system'===e||(!e&&true)){var t='(prefers-color-scheme: dark)',m=window.matchMedia(t);if(m.media!==t||m.matches){d.style.colorScheme = 'dark';c.add('dark')}else{d.style.colorScheme = 'light';c.add('light')}}else if(e){c.add(e|| '')}if(e==='light'||e==='dark')d.style.colorScheme=e}catch(e){}}()</script><div style="visibility:hidden"></div></main></div><script src="/_next/static/chunks/react-refresh.js"></script><script id="__NEXT_DATA__" type="application/json">{"props":{"pageProps":{},"__N_SSP":true},"page":"/alerts","query":{},"buildId":"development","isFallback":false,"gssp":true,"locale":"en-US","locales":["en-US"],"defaultLocale":"en-US","scriptLoader":[]}</script></body></html>"`;

exports[`Alerts GET /alerts displays 404 for non authenticated user 1`] = `"<!DOCTYPE html><html lang="en-US"><head><style data-next-hide-fouc="true">body{display:none}</style><noscript data-next-hide-fouc="true"><style>body{display:block}</style></noscript><meta charSet="utf-8"/><meta name="viewport" content="minimum-scale=1, initial-scale=1, width=device-width, shrink-to-fit=no"/><link rel="icon" href="/favicon.ico"/><title>Akash Console</title><meta name="description" content="Akash Console is the #1 platform to deploy docker containers on the Akash Network, a decentralized super cloud compute marketplace. Explore, deploy and track all in one place!"/><meta name="twitter:card" content="summary_large_image"/><meta name="twitter:site" content="@akashnet_"/><meta name="twitter:creator" content="@akashnet_"/><meta property="og:title" content="Akash Console"/><meta property="og:description" content="Deploy docker containers on the decentralized supercloud Akash Network."/><meta property="og:url" content="https://console.akash.network/"/><meta property="og:type" content="website"/><meta property="og:image" content="https://console.akash.network/akash-console.png"/><meta property="og:image:alt" content="AkashConsole Cover Image"/><meta property="og:image:width" content="1200"/><meta property="og:image:height" content="630"/><meta property="og:locale" content="en_US"/><meta property="og:site_name" content="Akash Console"/><meta name="robots" content="index,follow"/><meta name="next-head-count" content="19"/><meta name="emotion-insertion-point" content=""/><style data-emotion="mui "></style><link rel="shortcut icon" href="/favicon.ico"/><link rel="manifest" href="/manifest.json" crossorigin="use-credentials"/><link rel="mask-icon" href="/safari-pinned-tab.svg" color="#0c0b0b"/><meta name="msapplication-TileColor" content="#0c0b0b"/><link rel="apple-touch-icon" href="/apple-touch-icon.png"/><meta name="theme-color" content="#0c0b0b"/><link rel="icon" type="image/png" sizes="32x32" href="/favicon-32x32.png"/><link rel="icon" type="image/png" sizes="16x16" href="/favicon-16x16.png"/><link href="https://fonts.googleapis.com/css2?family=Inter:wght@100;300;500;700;900&amp;display=swap" rel="stylesheet"/><link rel="preload" href="/_next/static/media/e11418ac562b8ac1-s.p.woff2" as="font" type="font/woff2" crossorigin="anonymous" data-next-font="size-adjust"/><noscript data-n-css=""></noscript><script defer="" nomodule="" src="/_next/static/chunks/polyfills.js"></script><script src="/_next/static/chunks/webpack.js" defer=""></script><script src="/_next/static/chunks/main.js" defer=""></script><script src="/_next/static/chunks/pages/_app.js" defer=""></script><script src="/_next/static/chunks/pages/404.js" defer=""></script><script src="/_next/static/development/_buildManifest.js" defer=""></script><script src="/_next/static/development/_ssgManifest.js" defer=""></script><noscript id="__next_css__DO_NOT_USE__"></noscript></head><body><div id="__next"><main class="h-full bg-background font-sans tracking-wide antialiased __variable_3a0388"><script>!function(){try{var d=document.documentElement,c=d.classList;c.remove('light','dark');var e=localStorage.getItem('theme');if('system'===e||(!e&&true)){var t='(prefers-color-scheme: dark)',m=window.matchMedia(t);if(m.media!==t||m.matches){d.style.colorScheme = 'dark';c.add('dark')}else{d.style.colorScheme = 'light';c.add('light')}}else if(e){c.add(e|| '')}if(e==='light'||e==='dark')d.style.colorScheme=e}catch(e){}}()</script><div style="visibility:hidden"></div></main></div><script src="/_next/static/chunks/react-refresh.js"></script><script id="__NEXT_DATA__" type="application/json">{"props":{"pageProps":{}},"page":"/404","query":{},"buildId":"development","nextExport":true,"autoExport":true,"isFallback":false,"locale":"en-US","locales":["en-US"],"defaultLocale":"en-US","notFoundSrcPage":"/alerts","scriptLoader":[]}</script></body></html>"`;
